// Jest Snapshot v1, https://goo.gl/fbAQLP

exports[`Forecast Details renders correctly 1`] = `
<DocumentFragment>
  <div
    class="forecast-details"
  >
    <div
      class="forecast-details__date"
      data-testid="forecast-details__date"
    >
      Thu Jan 01 1970
    </div>
    <div
      class="forecast-details__minTemp"
      data-testid="forecast-details__minTemp"
    >
      11°C
    </div>
    <div
      class="forecast-details__maxTemp"
      data-testid="forecast-details__maxTemp"
    >
      24°C
    </div>
    <div
      class="forecast-details__humidity"
      data-testid="forecast-details__humidity"
    >
      20%
    </div>
    <div
      class="forecast-details__windspeed"
      data-testid="forecast-details__windspeed"
    >
      10 km/h
    </div>
    <div
      class="forecast-details__direction"
      data-testid="forecast-details__direction"
    >
      n
    </div>
  </div>
</DocumentFragment>
`;
